<html>
<body>
<pre>
<h1>礦ision Build Log</h1>
<h2>Tool Versions:</h2>
IDE-Version: μVision V5.14.0.0
Copyright (C) 2015 ARM Ltd and ARM Germany GmbH. All rights reserved.
License Information: 1 yu, 1, LIC=4ZLII-TIA7N-ATU3F-6WXEI-5TI5F-MI3I8
 
Tool Versions:
Toolchain:       MDK-ARM Professional  Version: 5.14.0.0
Toolchain Path:  C:\Keil_v5\ARM\ARMCC\Bin
C Compiler:      Armcc.exe V5.05 update 1 (build 106)
Assembler:       Armasm.exe V5.05 update 1 (build 106)
Linker/Locator:  ArmLink.exe V5.05 update 1 (build 106)
Library Manager: ArmAr.exe V5.05 update 1 (build 106)
Hex Converter:   FromElf.exe V5.05 update 1 (build 106)
CPU DLL:         SARMCM3.DLL V5.14.0.0
Dialog DLL:      DCM.DLL V1.13.1.0
Target DLL:      Segger\JL2CM3.dll V2.99.13.0
Dialog DLL:      TCM.DLL V1.14.4.0
 
<h2>Project:</h2>
E:\yuzhaoxiang\北斗远程通信模块\code\code2.27\USER\USART.uvprojx
Project File Date:  02/24/2018

<h2>Output:</h2>
Build target 'USART'
compiling Can.c...
..\HARDWARE\CAN\Can.c(115): warning:  #177-D: variable "i" was declared but never referenced
        u8 i;
..\HARDWARE\CAN\Can.c: 1 warning, 0 errors
linking...
Program Size: Code=22204 RO-data=376 RW-data=80 ZI-data=5960  
FromELF: creating hex file...
"..\OBJ\USART.axf" - 0 Error(s), 1 Warning(s).

<h2>Collection of Component include folders:</h2>
  E:\yuzhaoxiang\北斗远程通信模块\code\code2.27\USER\RTE
  C:\Keil_v5\ARM\PACK\Keil\STM32F1xx_DFP\2.2.0

<h2>Collection of Component Files used:</h2>
</pre>
</body>
</html>
